---
source: tests/ui.rs
expression: out
---
linux_modules 0.3.6
Manage Linux Kernel Modules

USAGE:
    nms -q
    nms <SUBCOMMAND>

OPTIONS:
    -h, --help       Print help information
    -V, --version    Print version information

SUBCOMMANDS:
    completions    Generate shell completions, outputting to stdout
    info           Get information on a kernel module
    insert         Load a kernel module
    list           List loaded kernel modules
    remove         Remove/unload a kernel module

