---
source: tests/ui.rs
expression: out
---
nms-list 
List loaded kernel modules

USAGE:
    nms list

OPTIONS:
    -h, --help    Print help information

